[Server(3409) code/] onInitialize
[Server(3409) code/] Number of style sheets - 1
[Server(3409) code/] setupInitialStylemap
[Server(3409) code/] Document opened: style.css.
[Server(3409) code/] Document changed: style.css. Invalidating Cache.
[Server(3409) code/] Document changed: style.css. Invalidating Cache.
[Server(3409) code/] Document changed: style.css. Invalidating Cache.
[Server(3409) code/] Document changed: style.css. Invalidating Cache.
[Server(3409) code/] Document changed: style.css. Invalidating Cache.
[Server(3409) code/] Document changed: style.css. Invalidating Cache.
[Server(3409) code/] Document changed: style.css. Invalidating Cache.
[Server(3409) code/] Document changed: style.css. Invalidating Cache.
[Server(3409) code/] Document changed: style.css. Invalidating Cache.
[Server(3409) code/] Document changed: style.css. Invalidating Cache.
[Server(3409) code/] Document changed: style.css. Invalidating Cache.
[Server(3409) code/] Document changed: style.css. Invalidating Cache.
[Server(3409) code/] Document changed: style.css. Invalidating Cache.
[Server(3409) code/] Document changed: style.css. Invalidating Cache.
[Server(3409) code/] Document changed: style.css. Invalidating Cache.
[Server(3409) code/] Document changed: style.css. Invalidating Cache.
[Server(3409) code/] Document changed: style.css. Invalidating Cache.
[Server(3409) code/] Document changed: style.css. Invalidating Cache.
[Server(3409) code/] Document changed: style.css. Invalidating Cache.
[Server(3409) code/] Document changed: style.css. Invalidating Cache.
[Server(3409) code/] Document changed: style.css. Invalidating Cache.
