2026-04-23 17:59:18.935 [error] Ignoring terminal.integrated.initialHint.copilotCli as terminal.integrated.initialHint is true
2026-04-23 17:59:19.387 [warning] Creation of workbench contribution 'workbench.contrib.chatSetup' took 23ms.
2026-04-23 17:59:20.645 [info] Started local extension host with pid 3150.
2026-04-23 17:59:22.734 [error] Ignoring terminal.integrated.initialHint.copilotCli as terminal.integrated.initialHint is true
2026-04-23 17:59:32.628 [error] An unknown error occurred. Please consult the log for more details.
2026-04-23 17:59:33.474 [error] Unable to create workbench contribution 'workbench.contrib.agentHostTerminal'. [createInstance] wbe depends on UNKNOWN service remoteAgentHostService.
2026-04-23 17:59:33.635 [info] Settings Sync: Account status changed from uninitialized to unavailable
2026-04-23 17:59:37.335 [info] [perf] Render performance baseline is 138ms
2026-04-23 17:59:38.728 [error] An unknown error occurred. Please consult the log for more details.
2026-04-23 17:59:45.364 [error] An unknown error occurred. Please consult the log for more details.
2026-04-23 17:59:46.517 [error] An unknown error occurred. Please consult the log for more details.
2026-04-23 17:59:47.619 [error] An unknown error occurred. Please consult the log for more details.
2026-04-23 17:59:50.962 [error] An unknown error occurred. Please consult the log for more details.
2026-04-23 17:59:53.304 [error] An unknown error occurred. Please consult the log for more details.
2026-04-23 17:59:54.378 [error] An unknown error occurred. Please consult the log for more details.
2026-04-23 17:59:56.726 [error] An unknown error occurred. Please consult the log for more details.
2026-04-23 17:59:57.935 [error] An unknown error occurred. Please consult the log for more details.
2026-04-23 18:00:08.201 [error] An unknown error occurred. Please consult the log for more details.
2026-04-23 18:00:10.166 [error] An unknown error occurred. Please consult the log for more details.
2026-04-23 18:00:12.018 [error] An unknown error occurred. Please consult the log for more details.
2026-04-23 18:00:18.103 [error] An unknown error occurred. Please consult the log for more details.
2026-04-23 18:01:25.097 [error] An unknown error occurred. Please consult the log for more details.
2026-04-23 18:01:28.273 [error] An unknown error occurred. Please consult the log for more details.
2026-04-23 18:01:30.734 [error] An unknown error occurred. Please consult the log for more details.
